VKardamitsis@Vaggeliss-MBP todo-backend % docker container ls
CONTAINER ID   IMAGE     COMMAND                  CREATED              STATUS              PORTS                     NAMES
3932c0547164   mongo     "docker-entrypoint.s…"   About a minute ago   Up About a minute   0.0.0.0:3456->27017/tcp   todo-backend_mongo_1
bc99ca0df3d4   redis     "docker-entrypoint.s…"   About a minute ago   Up About a minute   0.0.0.0:6378->6379/tcp    todo-backend_redis_1
VKardamitsis@Vaggeliss-MBP todo-backend % docker exec -it todo-backend_redis_1 bash
root@bc99ca0df3d4:/data# KEYS *
bash: KEYS: command not found
root@bc99ca0df3d4:/data# redis-cli
127.0.0.1:6379> KEYS *
(empty array)
127.0.0.1:6379> KEYS count
(empty array)
127.0.0.1:6379> GET count
(nil)
127.0.0.1:6379> SET count 9001
OK
127.0.0.1:6379> Get count
"9001"
127.0.0.1:6379> GET count
"9001"
127.0.0.1:6379> DEL count
(integer) 1
127.0.0.1:6379> 